
> site@1.0.0 build
> vite build

[36mvite v7.3.1 [32mbuilding client environment for production...[36m[39m
transforming...
[32mΓ£ô[39m 4 modules transformed.
node.exe : 
[31mΓ£ù[39m Build 
failed in 1.32s
At line:1 char:1
+ & "C:\nvm4w\nodejs/
node.exe" "C:\nvm4w\n
odejs/node_modules/np
m/bin/np ...
+ ~~~~~~~~~~~~~~~~~~~
~~~~~~~~~~~~~~~~~~~~~
~~~~~~~~~~~~~~~~~~~~~
~~~~~~~~
    + CategoryInfo   
           : NotSpe  
  cified: ([31mΓ£   
 ù[39m Build fai    
led in 1.32s:Str    
ing) [], RemoteE    
xception
    + FullyQualified 
   ErrorId : Native  
  CommandError
 
[31merror during 
build:
[31m[vite:css] 
[postcss] It looks 
like you're trying 
to use `tailwindcss` 
directly as a 
PostCSS plugin. The 
PostCSS plugin has 
moved to a separate 
package, so to 
continue using 
Tailwind CSS with 
PostCSS you'll need 
to install `@tailwind
css/postcss` and 
update your PostCSS 
configuration.[31m
file: [36mC:/Users/u
ser1/Downloads/site/s
tyle.css:undefined:Na
N[31m
    at lt (C:\Users\u
ser1\Downloads\site\n
ode_modules\tailwindc
ss\dist\lib.js:38:164
3)
    at 
LazyResult.runOnRoot 
(C:\Users\user1\Downl
oads\site\node_module
s\postcss\lib\lazy-re
sult.js:361:16)
    at 
LazyResult.runAsync (
C:\Users\user1\Downlo
ads\site\node_modules
\postcss\lib\lazy-res
ult.js:290:26)
    at 
LazyResult.async (C:\
Users\user1\Downloads
\site\node_modules\po
stcss\lib\lazy-result
.js:192:30)
    at 
LazyResult.then (C:\U
sers\user1\Downloads\
site\node_modules\pos
tcss\lib\lazy-result.
js:436:17)[39m
